--------------------------------------------------------------------------------
Release 14.7 Trace  (nt)
Copyright (c) 1995-2013 Xilinx, Inc.  All rights reserved.

C:\Xilinx\14.7\ISE_DS\ISE\bin\nt\unwrapped\trce.exe -intstyle ise -v 3 -s 3 -n
3 -fastpaths -xml main.twx main.ncd -o main.twr main.pcf -ucf nexys3.ucf

Design file:              main.ncd
Physical constraint file: main.pcf
Device,package,speed:     xc6slx16,csg324,C,-3 (PRODUCTION 1.23 2013-10-13)
Report level:             verbose report

Environment Variable      Effect 
--------------------      ------ 
NONE                      No environment variables were set
--------------------------------------------------------------------------------

INFO:Timing:3412 - To improve timing, see the Timing Closure User Guide (UG612).
INFO:Timing:2752 - To get complete path coverage, use the unconstrained paths 
   option. All paths that are not constrained will be reported in the 
   unconstrained paths section(s) of the report.
INFO:Timing:3339 - The clock-to-out numbers in this timing report are based on 
   a 50 Ohm transmission line loading model.  For the details of this model, 
   and for more information on accounting for different loading conditions, 
   please see the device datasheet.

================================================================================
Timing constraint: TS_sys_clk_pin = PERIOD TIMEGRP "sys_clk_pin" 100 MHz HIGH 
50%;
For more information, see Period Analysis in the Timing Closure User Guide (UG612).

 681717644 paths analyzed, 2236 endpoints analyzed, 106 failing endpoints
 106 timing errors detected. (106 setup errors, 0 hold errors, 0 component switching limit errors)
 Minimum period is  18.195ns.
--------------------------------------------------------------------------------

Paths for end point g0/rgb_now_2 (SLICE_X17Y33.C5), 38200942 paths
--------------------------------------------------------------------------------
Slack (setup path):     -8.195ns (requirement - (data path - clock path skew + uncertainty))
  Source:               g0/frame_count_4 (FF)
  Destination:          g0/rgb_now_2 (FF)
  Requirement:          10.000ns
  Data Path Delay:      18.154ns (Levels of Logic = 17)
  Clock Path Skew:      -0.006ns (0.335 - 0.341)
  Source Clock:         clk_BUFGP rising at 0.000ns
  Destination Clock:    clk_BUFGP rising at 10.000ns
  Clock Uncertainty:    0.035ns

  Clock Uncertainty:          0.035ns  ((TSJ^2 + TIJ^2)^1/2 + DJ) / 2 + PE
    Total System Jitter (TSJ):  0.070ns
    Total Input Jitter (TIJ):   0.000ns
    Discrete Jitter (DJ):       0.000ns
    Phase Error (PE):           0.000ns

  Maximum Data Path at Slow Process Corner: g0/frame_count_4 to g0/rgb_now_2
    Location             Delay type         Delay(ns)  Physical Resource
                                                       Logical Resource(s)
    -------------------------------------------------  -------------------
    SLICE_X19Y39.AQ      Tcko                  0.391   g0/frame_count<6>
                                                       g0/frame_count_4
    SLICE_X20Y34.A5      net (fanout=2)        0.773   g0/frame_count<4>
    SLICE_X20Y34.COUT    Topcya                0.395   g0/Madd_frame_count[31]_GND_6_o_add_13_OUT_cy<7>
                                                       g0/Mmux_n25192711
                                                       g0/Madd_frame_count[31]_GND_6_o_add_13_OUT_cy<7>
    SLICE_X20Y35.CIN     net (fanout=1)        0.003   g0/Madd_frame_count[31]_GND_6_o_add_13_OUT_cy<7>
    SLICE_X20Y35.BMUX    Tcinb                 0.260   g0/frame_count<7>
                                                       g0/Madd_frame_count[31]_GND_6_o_add_13_OUT_xor<9>
    SLICE_X22Y31.B5      net (fanout=1)        0.850   g0/frame_count[31]_GND_6_o_add_13_OUT<9>
    SLICE_X22Y31.COUT    Topcyb                0.380   g0/Mcompar_frame_count[31]_GND_6_o_LessThan_15_o_cy<3>
                                                       g0/Mcompar_frame_count[31]_GND_6_o_LessThan_15_o_lut<1>1
                                                       g0/Mcompar_frame_count[31]_GND_6_o_LessThan_15_o_cy<3>
    SLICE_X22Y32.CIN     net (fanout=1)        0.108   g0/Mcompar_frame_count[31]_GND_6_o_LessThan_15_o_cy<3>
    SLICE_X22Y32.BMUX    Tcinb                 0.268   g0/Mmux_RArrows[9][10]_rand[1]_mux_86_OUT10011
                                                       g0/Mmux_RArrows[9][10]_rand[1]_mux_86_OUT100111_cy
    SLICE_X13Y16.A4      net (fanout=482)      2.052   g0/frame_count[31]_GND_6_o_LessThan_15_o
    SLICE_X13Y16.A       Tilo                  0.259   N2419
                                                       g0/Mmux_LArrows[9][10]_LArrows[9][10]_MUX_374_o1611
    SLICE_X10Y16.D4      net (fanout=7)        0.957   g0/Mmux_LArrows[9][10]_LArrows[9][10]_MUX_374_o161
    SLICE_X10Y16.D       Tilo                  0.203   g0/LArrows[9][10]_LArrows[9][10]_MUX_379_o
                                                       g0/Mmux_LArrows[9][10]_LArrows[9][10]_MUX_374_o151
    SLICE_X6Y14.C4       net (fanout=4)        1.011   g0/LArrows[9][10]_LArrows[9][10]_MUX_379_o
    SLICE_X6Y14.C        Tilo                  0.204   N3644
                                                       g0/BtnL_GND_6_o_AND_85_o4_SW0_SW0
    SLICE_X8Y16.C5       net (fanout=1)        0.624   N3644
    SLICE_X8Y16.C        Tilo                  0.205   N3645
                                                       g0/BtnL_GND_6_o_AND_85_o4_SW8
    SLICE_X6Y15.B4       net (fanout=5)        0.838   N1310
    SLICE_X6Y15.B        Tilo                  0.203   g0/Mmux_LArrows[9][10]_LArrows[9][10]_mux_333_OUT161
                                                       g0/Mmux_LArrows[9][10]_LArrows[9][10]_mux_333_OUT161_1
    SLICE_X6Y15.D2       net (fanout=5)        0.649   g0/Mmux_LArrows[9][10]_LArrows[9][10]_mux_333_OUT161
    SLICE_X6Y15.CMUX     Topdc                 0.368   g0/Mmux_LArrows[9][10]_LArrows[9][10]_mux_333_OUT161
                                                       g0/Msub_GND_6_o_GND_6_o_sub_396_OUT_cy<5>11_SW5_F
                                                       g0/Msub_GND_6_o_GND_6_o_sub_396_OUT_cy<5>11_SW5
    SLICE_X9Y16.A6       net (fanout=1)        0.593   N3957
    SLICE_X9Y16.A        Tilo                  0.259   g0/LArrows_0<17>
                                                       g0/Msub_GND_6_o_GND_6_o_sub_396_OUT_xor<6>11
    SLICE_X12Y16.D3      net (fanout=1)        0.504   g0/GND_6_o_GND_6_o_sub_396_OUT<6>
    SLICE_X12Y16.COUT    Topcyd                0.281   g0/Mcompar_GND_6_o_GND_6_o_LessThan_397_o_cy<3>
                                                       g0/Mcompar_GND_6_o_GND_6_o_LessThan_397_o_lutdi3
                                                       g0/Mcompar_GND_6_o_GND_6_o_LessThan_397_o_cy<3>
    SLICE_X12Y17.CIN     net (fanout=1)        0.003   g0/Mcompar_GND_6_o_GND_6_o_LessThan_397_o_cy<3>
    SLICE_X12Y17.BMUX    Tcinb                 0.222   N410
                                                       g0/Mcompar_GND_6_o_GND_6_o_LessThan_397_o_cy<5>
    SLICE_X19Y26.B6      net (fanout=4)        1.286   g0/GND_6_o_GND_6_o_LessThan_397_o
    SLICE_X19Y26.B       Tilo                  0.259   N1431
                                                       g0/GND_6_o_GND_6_o_AND_180_o3
    SLICE_X19Y35.C6      net (fanout=7)        1.755   g0/GND_6_o_GND_6_o_AND_180_o
    SLICE_X19Y35.C       Tilo                  0.259   g0/rgb_now<7>
                                                       g0/GND_6_o_GND_6_o_AND_308_o110
    SLICE_X19Y35.A2      net (fanout=1)        0.437   g0/GND_6_o_GND_6_o_AND_308_o19
    SLICE_X19Y35.A       Tilo                  0.259   g0/rgb_now<7>
                                                       g0/GND_6_o_GND_6_o_AND_308_o113
    SLICE_X17Y33.C5      net (fanout=2)        0.714   g0/GND_6_o_GND_6_o_AND_308_o112
    SLICE_X17Y33.CLK     Tas                   0.322   g0/rgb_now<2>
                                                       g0/GND_6_o_GND_6_o_mux_667_OUT<2>1
                                                       g0/rgb_now_2
    -------------------------------------------------  ---------------------------
    Total                                     18.154ns (4.997ns logic, 13.157ns route)
                                                       (27.5% logic, 72.5% route)

--------------------------------------------------------------------------------
Slack (setup path):     -8.179ns (requirement - (data path - clock path skew + uncertainty))
  Source:               g0/frame_count_1 (FF)
  Destination:          g0/rgb_now_2 (FF)
  Requirement:          10.000ns
  Data Path Delay:      18.133ns (Levels of Logic = 18)
  Clock Path Skew:      -0.011ns (0.335 - 0.346)
  Source Clock:         clk_BUFGP rising at 0.000ns
  Destination Clock:    clk_BUFGP rising at 10.000ns
  Clock Uncertainty:    0.035ns

  Clock Uncertainty:          0.035ns  ((TSJ^2 + TIJ^2)^1/2 + DJ) / 2 + PE
    Total System Jitter (TSJ):  0.070ns
    Total Input Jitter (TIJ):   0.000ns
    Discrete Jitter (DJ):       0.000ns
    Phase Error (PE):           0.000ns

  Maximum Data Path at Slow Process Corner: g0/frame_count_1 to g0/rgb_now_2
    Location             Delay type         Delay(ns)  Physical Resource
                                                       Logical Resource(s)
    -------------------------------------------------  -------------------
    SLICE_X19Y37.BQ      Tcko                  0.391   g0/frame_count<8>
                                                       g0/frame_count_1
    SLICE_X20Y33.B4      net (fanout=2)        0.693   g0/frame_count<1>
    SLICE_X20Y33.COUT    Topcyb                0.375   g0/Madd_frame_count[31]_GND_6_o_add_13_OUT_cy<3>
                                                       g0/Mmux_n25191211
                                                       g0/Madd_frame_count[31]_GND_6_o_add_13_OUT_cy<3>
    SLICE_X20Y34.CIN     net (fanout=1)        0.003   g0/Madd_frame_count[31]_GND_6_o_add_13_OUT_cy<3>
    SLICE_X20Y34.COUT    Tbyp                  0.076   g0/Madd_frame_count[31]_GND_6_o_add_13_OUT_cy<7>
                                                       g0/Madd_frame_count[31]_GND_6_o_add_13_OUT_cy<7>
    SLICE_X20Y35.CIN     net (fanout=1)        0.003   g0/Madd_frame_count[31]_GND_6_o_add_13_OUT_cy<7>
    SLICE_X20Y35.BMUX    Tcinb                 0.260   g0/frame_count<7>
                                                       g0/Madd_frame_count[31]_GND_6_o_add_13_OUT_xor<9>
    SLICE_X22Y31.B5      net (fanout=1)        0.850   g0/frame_count[31]_GND_6_o_add_13_OUT<9>
    SLICE_X22Y31.COUT    Topcyb                0.380   g0/Mcompar_frame_count[31]_GND_6_o_LessThan_15_o_cy<3>
                                                       g0/Mcompar_frame_count[31]_GND_6_o_LessThan_15_o_lut<1>1
                                                       g0/Mcompar_frame_count[31]_GND_6_o_LessThan_15_o_cy<3>
    SLICE_X22Y32.CIN     net (fanout=1)        0.108   g0/Mcompar_frame_count[31]_GND_6_o_LessThan_15_o_cy<3>
    SLICE_X22Y32.BMUX    Tcinb                 0.268   g0/Mmux_RArrows[9][10]_rand[1]_mux_86_OUT10011
                                                       g0/Mmux_RArrows[9][10]_rand[1]_mux_86_OUT100111_cy
    SLICE_X13Y16.A4      net (fanout=482)      2.052   g0/frame_count[31]_GND_6_o_LessThan_15_o
    SLICE_X13Y16.A       Tilo                  0.259   N2419
                                                       g0/Mmux_LArrows[9][10]_LArrows[9][10]_MUX_374_o1611
    SLICE_X10Y16.D4      net (fanout=7)        0.957   g0/Mmux_LArrows[9][10]_LArrows[9][10]_MUX_374_o161
    SLICE_X10Y16.D       Tilo                  0.203   g0/LArrows[9][10]_LArrows[9][10]_MUX_379_o
                                                       g0/Mmux_LArrows[9][10]_LArrows[9][10]_MUX_374_o151
    SLICE_X6Y14.C4       net (fanout=4)        1.011   g0/LArrows[9][10]_LArrows[9][10]_MUX_379_o
    SLICE_X6Y14.C        Tilo                  0.204   N3644
                                                       g0/BtnL_GND_6_o_AND_85_o4_SW0_SW0
    SLICE_X8Y16.C5       net (fanout=1)        0.624   N3644
    SLICE_X8Y16.C        Tilo                  0.205   N3645
                                                       g0/BtnL_GND_6_o_AND_85_o4_SW8
    SLICE_X6Y15.B4       net (fanout=5)        0.838   N1310
    SLICE_X6Y15.B        Tilo                  0.203   g0/Mmux_LArrows[9][10]_LArrows[9][10]_mux_333_OUT161
                                                       g0/Mmux_LArrows[9][10]_LArrows[9][10]_mux_333_OUT161_1
    SLICE_X6Y15.D2       net (fanout=5)        0.649   g0/Mmux_LArrows[9][10]_LArrows[9][10]_mux_333_OUT161
    SLICE_X6Y15.CMUX     Topdc                 0.368   g0/Mmux_LArrows[9][10]_LArrows[9][10]_mux_333_OUT161
                                                       g0/Msub_GND_6_o_GND_6_o_sub_396_OUT_cy<5>11_SW5_F
                                                       g0/Msub_GND_6_o_GND_6_o_sub_396_OUT_cy<5>11_SW5
    SLICE_X9Y16.A6       net (fanout=1)        0.593   N3957
    SLICE_X9Y16.A        Tilo                  0.259   g0/LArrows_0<17>
                                                       g0/Msub_GND_6_o_GND_6_o_sub_396_OUT_xor<6>11
    SLICE_X12Y16.D3      net (fanout=1)        0.504   g0/GND_6_o_GND_6_o_sub_396_OUT<6>
    SLICE_X12Y16.COUT    Topcyd                0.281   g0/Mcompar_GND_6_o_GND_6_o_LessThan_397_o_cy<3>
                                                       g0/Mcompar_GND_6_o_GND_6_o_LessThan_397_o_lutdi3
                                                       g0/Mcompar_GND_6_o_GND_6_o_LessThan_397_o_cy<3>
    SLICE_X12Y17.CIN     net (fanout=1)        0.003   g0/Mcompar_GND_6_o_GND_6_o_LessThan_397_o_cy<3>
    SLICE_X12Y17.BMUX    Tcinb                 0.222   N410
                                                       g0/Mcompar_GND_6_o_GND_6_o_LessThan_397_o_cy<5>
    SLICE_X19Y26.B6      net (fanout=4)        1.286   g0/GND_6_o_GND_6_o_LessThan_397_o
    SLICE_X19Y26.B       Tilo                  0.259   N1431
                                                       g0/GND_6_o_GND_6_o_AND_180_o3
    SLICE_X19Y35.C6      net (fanout=7)        1.755   g0/GND_6_o_GND_6_o_AND_180_o
    SLICE_X19Y35.C       Tilo                  0.259   g0/rgb_now<7>
                                                       g0/GND_6_o_GND_6_o_AND_308_o110
    SLICE_X19Y35.A2      net (fanout=1)        0.437   g0/GND_6_o_GND_6_o_AND_308_o19
    SLICE_X19Y35.A       Tilo                  0.259   g0/rgb_now<7>
                                                       g0/GND_6_o_GND_6_o_AND_308_o113
    SLICE_X17Y33.C5      net (fanout=2)        0.714   g0/GND_6_o_GND_6_o_AND_308_o112
    SLICE_X17Y33.CLK     Tas                   0.322   g0/rgb_now<2>
                                                       g0/GND_6_o_GND_6_o_mux_667_OUT<2>1
                                                       g0/rgb_now_2
    -------------------------------------------------  ---------------------------
    Total                                     18.133ns (5.053ns logic, 13.080ns route)
                                                       (27.9% logic, 72.1% route)

--------------------------------------------------------------------------------
Slack (setup path):     -8.176ns (requirement - (data path - clock path skew + uncertainty))
  Source:               g0/frame_count_2 (FF)
  Destination:          g0/rgb_now_2 (FF)
  Requirement:          10.000ns
  Data Path Delay:      18.130ns (Levels of Logic = 18)
  Clock Path Skew:      -0.011ns (0.335 - 0.346)
  Source Clock:         clk_BUFGP rising at 0.000ns
  Destination Clock:    clk_BUFGP rising at 10.000ns
  Clock Uncertainty:    0.035ns

  Clock Uncertainty:          0.035ns  ((TSJ^2 + TIJ^2)^1/2 + DJ) / 2 + PE
    Total System Jitter (TSJ):  0.070ns
    Total Input Jitter (TIJ):   0.000ns
    Discrete Jitter (DJ):       0.000ns
    Phase Error (PE):           0.000ns

  Maximum Data Path at Slow Process Corner: g0/frame_count_2 to g0/rgb_now_2
    Location             Delay type         Delay(ns)  Physical Resource
                                                       Logical Resource(s)
    -------------------------------------------------  -------------------
    SLICE_X19Y37.CQ      Tcko                  0.391   g0/frame_count<8>
                                                       g0/frame_count_2
    SLICE_X20Y33.C5      net (fanout=2)        0.770   g0/frame_count<2>
    SLICE_X20Y33.COUT    Topcyc                0.295   g0/Madd_frame_count[31]_GND_6_o_add_13_OUT_cy<3>
                                                       g0/Mmux_n25192311
                                                       g0/Madd_frame_count[31]_GND_6_o_add_13_OUT_cy<3>
    SLICE_X20Y34.CIN     net (fanout=1)        0.003   g0/Madd_frame_count[31]_GND_6_o_add_13_OUT_cy<3>
    SLICE_X20Y34.COUT    Tbyp                  0.076   g0/Madd_frame_count[31]_GND_6_o_add_13_OUT_cy<7>
                                                       g0/Madd_frame_count[31]_GND_6_o_add_13_OUT_cy<7>
    SLICE_X20Y35.CIN     net (fanout=1)        0.003   g0/Madd_frame_count[31]_GND_6_o_add_13_OUT_cy<7>
    SLICE_X20Y35.BMUX    Tcinb                 0.260   g0/frame_count<7>
                                                       g0/Madd_frame_count[31]_GND_6_o_add_13_OUT_xor<9>
    SLICE_X22Y31.B5      net (fanout=1)        0.850   g0/frame_count[31]_GND_6_o_add_13_OUT<9>
    SLICE_X22Y31.COUT    Topcyb                0.380   g0/Mcompar_frame_count[31]_GND_6_o_LessThan_15_o_cy<3>
                                                       g0/Mcompar_frame_count[31]_GND_6_o_LessThan_15_o_lut<1>1
                                                       g0/Mcompar_frame_count[31]_GND_6_o_LessThan_15_o_cy<3>
    SLICE_X22Y32.CIN     net (fanout=1)        0.108   g0/Mcompar_frame_count[31]_GND_6_o_LessThan_15_o_cy<3>
    SLICE_X22Y32.BMUX    Tcinb                 0.268   g0/Mmux_RArrows[9][10]_rand[1]_mux_86_OUT10011
                                                       g0/Mmux_RArrows[9][10]_rand[1]_mux_86_OUT100111_cy
    SLICE_X13Y16.A4      net (fanout=482)      2.052   g0/frame_count[31]_GND_6_o_LessThan_15_o
    SLICE_X13Y16.A       Tilo                  0.259   N2419
                                                       g0/Mmux_LArrows[9][10]_LArrows[9][10]_MUX_374_o1611
    SLICE_X10Y16.D4      net (fanout=7)        0.957   g0/Mmux_LArrows[9][10]_LArrows[9][10]_MUX_374_o161
    SLICE_X10Y16.D       Tilo                  0.203   g0/LArrows[9][10]_LArrows[9][10]_MUX_379_o
                                                       g0/Mmux_LArrows[9][10]_LArrows[9][10]_MUX_374_o151
    SLICE_X6Y14.C4       net (fanout=4)        1.011   g0/LArrows[9][10]_LArrows[9][10]_MUX_379_o
    SLICE_X6Y14.C        Tilo                  0.204   N3644
                                                       g0/BtnL_GND_6_o_AND_85_o4_SW0_SW0
    SLICE_X8Y16.C5       net (fanout=1)        0.624   N3644
    SLICE_X8Y16.C        Tilo                  0.205   N3645
                                                       g0/BtnL_GND_6_o_AND_85_o4_SW8
    SLICE_X6Y15.B4       net (fanout=5)        0.838   N1310
    SLICE_X6Y15.B        Tilo                  0.203   g0/Mmux_LArrows[9][10]_LArrows[9][10]_mux_333_OUT161
                                                       g0/Mmux_LArrows[9][10]_LArrows[9][10]_mux_333_OUT161_1
    SLICE_X6Y15.D2       net (fanout=5)        0.649   g0/Mmux_LArrows[9][10]_LArrows[9][10]_mux_333_OUT161
    SLICE_X6Y15.CMUX     Topdc                 0.368   g0/Mmux_LArrows[9][10]_LArrows[9][10]_mux_333_OUT161
                                                       g0/Msub_GND_6_o_GND_6_o_sub_396_OUT_cy<5>11_SW5_F
                                                       g0/Msub_GND_6_o_GND_6_o_sub_396_OUT_cy<5>11_SW5
    SLICE_X9Y16.A6       net (fanout=1)        0.593   N3957
    SLICE_X9Y16.A        Tilo                  0.259   g0/LArrows_0<17>
                                                       g0/Msub_GND_6_o_GND_6_o_sub_396_OUT_xor<6>11
    SLICE_X12Y16.D3      net (fanout=1)        0.504   g0/GND_6_o_GND_6_o_sub_396_OUT<6>
    SLICE_X12Y16.COUT    Topcyd                0.281   g0/Mcompar_GND_6_o_GND_6_o_LessThan_397_o_cy<3>
                                                       g0/Mcompar_GND_6_o_GND_6_o_LessThan_397_o_lutdi3
                                                       g0/Mcompar_GND_6_o_GND_6_o_LessThan_397_o_cy<3>
    SLICE_X12Y17.CIN     net (fanout=1)        0.003   g0/Mcompar_GND_6_o_GND_6_o_LessThan_397_o_cy<3>
    SLICE_X12Y17.BMUX    Tcinb                 0.222   N410
                                                       g0/Mcompar_GND_6_o_GND_6_o_LessThan_397_o_cy<5>
    SLICE_X19Y26.B6      net (fanout=4)        1.286   g0/GND_6_o_GND_6_o_LessThan_397_o
    SLICE_X19Y26.B       Tilo                  0.259   N1431
                                                       g0/GND_6_o_GND_6_o_AND_180_o3
    SLICE_X19Y35.C6      net (fanout=7)        1.755   g0/GND_6_o_GND_6_o_AND_180_o
    SLICE_X19Y35.C       Tilo                  0.259   g0/rgb_now<7>
                                                       g0/GND_6_o_GND_6_o_AND_308_o110
    SLICE_X19Y35.A2      net (fanout=1)        0.437   g0/GND_6_o_GND_6_o_AND_308_o19
    SLICE_X19Y35.A       Tilo                  0.259   g0/rgb_now<7>
                                                       g0/GND_6_o_GND_6_o_AND_308_o113
    SLICE_X17Y33.C5      net (fanout=2)        0.714   g0/GND_6_o_GND_6_o_AND_308_o112
    SLICE_X17Y33.CLK     Tas                   0.322   g0/rgb_now<2>
                                                       g0/GND_6_o_GND_6_o_mux_667_OUT<2>1
                                                       g0/rgb_now_2
    -------------------------------------------------  ---------------------------
    Total                                     18.130ns (4.973ns logic, 13.157ns route)
                                                       (27.4% logic, 72.6% route)

--------------------------------------------------------------------------------

Paths for end point g0/rgb_now_6 (SLICE_X17Y27.D6), 74089349 paths
--------------------------------------------------------------------------------
Slack (setup path):     -8.194ns (requirement - (data path - clock path skew + uncertainty))
  Source:               g0/frame_count_4 (FF)
  Destination:          g0/rgb_now_6 (FF)
  Requirement:          10.000ns
  Data Path Delay:      18.144ns (Levels of Logic = 17)
  Clock Path Skew:      -0.015ns (0.418 - 0.433)
  Source Clock:         clk_BUFGP rising at 0.000ns
  Destination Clock:    clk_BUFGP rising at 10.000ns
  Clock Uncertainty:    0.035ns

  Clock Uncertainty:          0.035ns  ((TSJ^2 + TIJ^2)^1/2 + DJ) / 2 + PE
    Total System Jitter (TSJ):  0.070ns
    Total Input Jitter (TIJ):   0.000ns
    Discrete Jitter (DJ):       0.000ns
    Phase Error (PE):           0.000ns

  Maximum Data Path at Slow Process Corner: g0/frame_count_4 to g0/rgb_now_6
    Location             Delay type         Delay(ns)  Physical Resource
                                                       Logical Resource(s)
    -------------------------------------------------  -------------------
    SLICE_X19Y39.AQ      Tcko                  0.391   g0/frame_count<6>
                                                       g0/frame_count_4
    SLICE_X20Y34.A5      net (fanout=2)        0.773   g0/frame_count<4>
    SLICE_X20Y34.COUT    Topcya                0.395   g0/Madd_frame_count[31]_GND_6_o_add_13_OUT_cy<7>
                                                       g0/Mmux_n25192711
                                                       g0/Madd_frame_count[31]_GND_6_o_add_13_OUT_cy<7>
    SLICE_X20Y35.CIN     net (fanout=1)        0.003   g0/Madd_frame_count[31]_GND_6_o_add_13_OUT_cy<7>
    SLICE_X20Y35.BMUX    Tcinb                 0.260   g0/frame_count<7>
                                                       g0/Madd_frame_count[31]_GND_6_o_add_13_OUT_xor<9>
    SLICE_X22Y31.B5      net (fanout=1)        0.850   g0/frame_count[31]_GND_6_o_add_13_OUT<9>
    SLICE_X22Y31.COUT    Topcyb                0.380   g0/Mcompar_frame_count[31]_GND_6_o_LessThan_15_o_cy<3>
                                                       g0/Mcompar_frame_count[31]_GND_6_o_LessThan_15_o_lut<1>1
                                                       g0/Mcompar_frame_count[31]_GND_6_o_LessThan_15_o_cy<3>
    SLICE_X22Y32.CIN     net (fanout=1)        0.108   g0/Mcompar_frame_count[31]_GND_6_o_LessThan_15_o_cy<3>
    SLICE_X22Y32.BMUX    Tcinb                 0.268   g0/Mmux_RArrows[9][10]_rand[1]_mux_86_OUT10011
                                                       g0/Mmux_RArrows[9][10]_rand[1]_mux_86_OUT100111_cy
    SLICE_X30Y52.A6      net (fanout=482)      2.082   g0/frame_count[31]_GND_6_o_LessThan_15_o
    SLICE_X30Y52.A       Tilo                  0.203   N193
                                                       g0/Mmux_RArrows[9][10]_rand[1]_mux_86_OUT661
    SLICE_X29Y53.D3      net (fanout=5)        0.895   g0/Madd_RArrows[9][10]_GND_6_o_add_97_OUT_lut<5>
    SLICE_X29Y53.D       Tilo                  0.259   N104
                                                       g0/GND_6_o_GND_6_o_not_equal_96_o1_SW0
    SLICE_X30Y57.A6      net (fanout=2)        0.752   N104
    SLICE_X30Y57.A       Tilo                  0.203   g0/RArrows_0<9>
                                                       g0/GND_6_o_GND_6_o_not_equal_96_o3
    SLICE_X29Y55.D4      net (fanout=12)       0.886   g0/GND_6_o_GND_6_o_not_equal_96_o
    SLICE_X29Y55.D       Tilo                  0.259   N36
                                                       g0/BtnR_GND_6_o_AND_79_o4_SW0
    SLICE_X28Y55.D1      net (fanout=12)       0.863   N36
    SLICE_X28Y55.D       Tilo                  0.205   g0/RArrows_0<2>
                                                       g0/Mmux_RArrows[9][10]_RArrows[9][10]_mux_335_OUT331
    SLICE_X28Y57.C2      net (fanout=8)        0.644   g0/Msub_GND_6_o_GND_6_o_sub_372_OUT_lut<2>
    SLICE_X28Y57.C       Tilo                  0.205   g0/n2311<10>
                                                       g0/Madd_n2311_cy<5>11
    SLICE_X26Y50.A6      net (fanout=6)        0.930   g0/Madd_n2311_cy<5>
    SLICE_X26Y50.A       Tilo                  0.203   N4214
                                                       g0/Madd_n2311_xor<7>11
    SLICE_X28Y52.D3      net (fanout=1)        0.647   g0/n2311<7>
    SLICE_X28Y52.COUT    Topcyd                0.281   g0/Mcompar_GND_6_o_BUS_0089_LessThan_375_o_cy<3>
                                                       g0/Mcompar_GND_6_o_BUS_0089_LessThan_375_o_lutdi3
                                                       g0/Mcompar_GND_6_o_BUS_0089_LessThan_375_o_cy<3>
    SLICE_X28Y53.CIN     net (fanout=1)        0.003   g0/Mcompar_GND_6_o_BUS_0089_LessThan_375_o_cy<3>
    SLICE_X28Y53.BMUX    Tcinb                 0.222   g0/GND_6_o_GND_6_o_sub_372_OUT<4>
                                                       g0/Mcompar_GND_6_o_BUS_0089_LessThan_375_o_cy<5>
    SLICE_X21Y36.B6      net (fanout=4)        1.458   g0/GND_6_o_BUS_0089_LessThan_375_o
    SLICE_X21Y36.B       Tilo                  0.259   N1501
                                                       g0/GND_6_o_GND_6_o_AND_168_o1
    SLICE_X20Y28.D5      net (fanout=5)        0.841   g0/GND_6_o_GND_6_o_AND_168_o
    SLICE_X20Y28.CMUX    Topdc                 0.338   g0/Mmux_GND_6_o_GND_6_o_mux_667_OUT41112
                                                       g0/Mmux_GND_6_o_GND_6_o_mux_667_OUT78_SW2_F
                                                       g0/Mmux_GND_6_o_GND_6_o_mux_667_OUT78_SW2
    SLICE_X18Y26.C2      net (fanout=1)        0.822   N3683
    SLICE_X18Y26.C       Tilo                  0.204   N224
                                                       g0/Mmux_GND_6_o_GND_6_o_mux_667_OUT710
    SLICE_X17Y27.D6      net (fanout=1)        0.730   g0/Mmux_GND_6_o_GND_6_o_mux_667_OUT79
    SLICE_X17Y27.CLK     Tas                   0.322   g0/rgb_now<6>
                                                       g0/Mmux_GND_6_o_GND_6_o_mux_667_OUT713
                                                       g0/rgb_now_6
    -------------------------------------------------  ---------------------------
    Total                                     18.144ns (4.857ns logic, 13.287ns route)
                                                       (26.8% logic, 73.2% route)

--------------------------------------------------------------------------------
Slack (setup path):     -8.178ns (requirement - (data path - clock path skew + uncertainty))
  Source:               g0/frame_count_1 (FF)
  Destination:          g0/rgb_now_6 (FF)
  Requirement:          10.000ns
  Data Path Delay:      18.123ns (Levels of Logic = 18)
  Clock Path Skew:      -0.020ns (0.418 - 0.438)
  Source Clock:         clk_BUFGP rising at 0.000ns
  Destination Clock:    clk_BUFGP rising at 10.000ns
  Clock Uncertainty:    0.035ns

  Clock Uncertainty:          0.035ns  ((TSJ^2 + TIJ^2)^1/2 + DJ) / 2 + PE
    Total System Jitter (TSJ):  0.070ns
    Total Input Jitter (TIJ):   0.000ns
    Discrete Jitter (DJ):       0.000ns
    Phase Error (PE):           0.000ns

  Maximum Data Path at Slow Process Corner: g0/frame_count_1 to g0/rgb_now_6
    Location             Delay type         Delay(ns)  Physical Resource
                                                       Logical Resource(s)
    -------------------------------------------------  -------------------
    SLICE_X19Y37.BQ      Tcko                  0.391   g0/frame_count<8>
                                                       g0/frame_count_1
    SLICE_X20Y33.B4      net (fanout=2)        0.693   g0/frame_count<1>
    SLICE_X20Y33.COUT    Topcyb                0.375   g0/Madd_frame_count[31]_GND_6_o_add_13_OUT_cy<3>
                                                       g0/Mmux_n25191211
                                                       g0/Madd_frame_count[31]_GND_6_o_add_13_OUT_cy<3>
    SLICE_X20Y34.CIN     net (fanout=1)        0.003   g0/Madd_frame_count[31]_GND_6_o_add_13_OUT_cy<3>
    SLICE_X20Y34.COUT    Tbyp                  0.076   g0/Madd_frame_count[31]_GND_6_o_add_13_OUT_cy<7>
                                                       g0/Madd_frame_count[31]_GND_6_o_add_13_OUT_cy<7>
    SLICE_X20Y35.CIN     net (fanout=1)        0.003   g0/Madd_frame_count[31]_GND_6_o_add_13_OUT_cy<7>
    SLICE_X20Y35.BMUX    Tcinb                 0.260   g0/frame_count<7>
                                                       g0/Madd_frame_count[31]_GND_6_o_add_13_OUT_xor<9>
    SLICE_X22Y31.B5      net (fanout=1)        0.850   g0/frame_count[31]_GND_6_o_add_13_OUT<9>
    SLICE_X22Y31.COUT    Topcyb                0.380   g0/Mcompar_frame_count[31]_GND_6_o_LessThan_15_o_cy<3>
                                                       g0/Mcompar_frame_count[31]_GND_6_o_LessThan_15_o_lut<1>1
                                                       g0/Mcompar_frame_count[31]_GND_6_o_LessThan_15_o_cy<3>
    SLICE_X22Y32.CIN     net (fanout=1)        0.108   g0/Mcompar_frame_count[31]_GND_6_o_LessThan_15_o_cy<3>
    SLICE_X22Y32.BMUX    Tcinb                 0.268   g0/Mmux_RArrows[9][10]_rand[1]_mux_86_OUT10011
                                                       g0/Mmux_RArrows[9][10]_rand[1]_mux_86_OUT100111_cy
    SLICE_X30Y52.A6      net (fanout=482)      2.082   g0/frame_count[31]_GND_6_o_LessThan_15_o
    SLICE_X30Y52.A       Tilo                  0.203   N193
                                                       g0/Mmux_RArrows[9][10]_rand[1]_mux_86_OUT661
    SLICE_X29Y53.D3      net (fanout=5)        0.895   g0/Madd_RArrows[9][10]_GND_6_o_add_97_OUT_lut<5>
    SLICE_X29Y53.D       Tilo                  0.259   N104
                                                       g0/GND_6_o_GND_6_o_not_equal_96_o1_SW0
    SLICE_X30Y57.A6      net (fanout=2)        0.752   N104
    SLICE_X30Y57.A       Tilo                  0.203   g0/RArrows_0<9>
                                                       g0/GND_6_o_GND_6_o_not_equal_96_o3
    SLICE_X29Y55.D4      net (fanout=12)       0.886   g0/GND_6_o_GND_6_o_not_equal_96_o
    SLICE_X29Y55.D       Tilo                  0.259   N36
                                                       g0/BtnR_GND_6_o_AND_79_o4_SW0
    SLICE_X28Y55.D1      net (fanout=12)       0.863   N36
    SLICE_X28Y55.D       Tilo                  0.205   g0/RArrows_0<2>
                                                       g0/Mmux_RArrows[9][10]_RArrows[9][10]_mux_335_OUT331
    SLICE_X28Y57.C2      net (fanout=8)        0.644   g0/Msub_GND_6_o_GND_6_o_sub_372_OUT_lut<2>
    SLICE_X28Y57.C       Tilo                  0.205   g0/n2311<10>
                                                       g0/Madd_n2311_cy<5>11
    SLICE_X26Y50.A6      net (fanout=6)        0.930   g0/Madd_n2311_cy<5>
    SLICE_X26Y50.A       Tilo                  0.203   N4214
                                                       g0/Madd_n2311_xor<7>11
    SLICE_X28Y52.D3      net (fanout=1)        0.647   g0/n2311<7>
    SLICE_X28Y52.COUT    Topcyd                0.281   g0/Mcompar_GND_6_o_BUS_0089_LessThan_375_o_cy<3>
                                                       g0/Mcompar_GND_6_o_BUS_0089_LessThan_375_o_lutdi3
                                                       g0/Mcompar_GND_6_o_BUS_0089_LessThan_375_o_cy<3>
    SLICE_X28Y53.CIN     net (fanout=1)        0.003   g0/Mcompar_GND_6_o_BUS_0089_LessThan_375_o_cy<3>
    SLICE_X28Y53.BMUX    Tcinb                 0.222   g0/GND_6_o_GND_6_o_sub_372_OUT<4>
                                                       g0/Mcompar_GND_6_o_BUS_0089_LessThan_375_o_cy<5>
    SLICE_X21Y36.B6      net (fanout=4)        1.458   g0/GND_6_o_BUS_0089_LessThan_375_o
    SLICE_X21Y36.B       Tilo                  0.259   N1501
                                                       g0/GND_6_o_GND_6_o_AND_168_o1
    SLICE_X20Y28.D5      net (fanout=5)        0.841   g0/GND_6_o_GND_6_o_AND_168_o
    SLICE_X20Y28.CMUX    Topdc                 0.338   g0/Mmux_GND_6_o_GND_6_o_mux_667_OUT41112
                                                       g0/Mmux_GND_6_o_GND_6_o_mux_667_OUT78_SW2_F
                                                       g0/Mmux_GND_6_o_GND_6_o_mux_667_OUT78_SW2
    SLICE_X18Y26.C2      net (fanout=1)        0.822   N3683
    SLICE_X18Y26.C       Tilo                  0.204   N224
                                                       g0/Mmux_GND_6_o_GND_6_o_mux_667_OUT710
    SLICE_X17Y27.D6      net (fanout=1)        0.730   g0/Mmux_GND_6_o_GND_6_o_mux_667_OUT79
    SLICE_X17Y27.CLK     Tas                   0.322   g0/rgb_now<6>
                                                       g0/Mmux_GND_6_o_GND_6_o_mux_667_OUT713
                                                       g0/rgb_now_6
    -------------------------------------------------  ---------------------------
    Total                                     18.123ns (4.913ns logic, 13.210ns route)
                                                       (27.1% logic, 72.9% route)

--------------------------------------------------------------------------------
Slack (setup path):     -8.175ns (requirement - (data path - clock path skew + uncertainty))
  Source:               g0/frame_count_2 (FF)
  Destination:          g0/rgb_now_6 (FF)
  Requirement:          10.000ns
  Data Path Delay:      18.120ns (Levels of Logic = 18)
  Clock Path Skew:      -0.020ns (0.418 - 0.438)
  Source Clock:         clk_BUFGP rising at 0.000ns
  Destination Clock:    clk_BUFGP rising at 10.000ns
  Clock Uncertainty:    0.035ns

  Clock Uncertainty:          0.035ns  ((TSJ^2 + TIJ^2)^1/2 + DJ) / 2 + PE
    Total System Jitter (TSJ):  0.070ns
    Total Input Jitter (TIJ):   0.000ns
    Discrete Jitter (DJ):       0.000ns
    Phase Error (PE):           0.000ns

  Maximum Data Path at Slow Process Corner: g0/frame_count_2 to g0/rgb_now_6
    Location             Delay type         Delay(ns)  Physical Resource
                                                       Logical Resource(s)
    -------------------------------------------------  -------------------
    SLICE_X19Y37.CQ      Tcko                  0.391   g0/frame_count<8>
                                                       g0/frame_count_2
    SLICE_X20Y33.C5      net (fanout=2)        0.770   g0/frame_count<2>
    SLICE_X20Y33.COUT    Topcyc                0.295   g0/Madd_frame_count[31]_GND_6_o_add_13_OUT_cy<3>
                                                       g0/Mmux_n25192311
                                                       g0/Madd_frame_count[31]_GND_6_o_add_13_OUT_cy<3>
    SLICE_X20Y34.CIN     net (fanout=1)        0.003   g0/Madd_frame_count[31]_GND_6_o_add_13_OUT_cy<3>
    SLICE_X20Y34.COUT    Tbyp                  0.076   g0/Madd_frame_count[31]_GND_6_o_add_13_OUT_cy<7>
                                                       g0/Madd_frame_count[31]_GND_6_o_add_13_OUT_cy<7>
    SLICE_X20Y35.CIN     net (fanout=1)        0.003   g0/Madd_frame_count[31]_GND_6_o_add_13_OUT_cy<7>
    SLICE_X20Y35.BMUX    Tcinb                 0.260   g0/frame_count<7>
                                                       g0/Madd_frame_count[31]_GND_6_o_add_13_OUT_xor<9>
    SLICE_X22Y31.B5      net (fanout=1)        0.850   g0/frame_count[31]_GND_6_o_add_13_OUT<9>
    SLICE_X22Y31.COUT    Topcyb                0.380   g0/Mcompar_frame_count[31]_GND_6_o_LessThan_15_o_cy<3>
                                                       g0/Mcompar_frame_count[31]_GND_6_o_LessThan_15_o_lut<1>1
                                                       g0/Mcompar_frame_count[31]_GND_6_o_LessThan_15_o_cy<3>
    SLICE_X22Y32.CIN     net (fanout=1)        0.108   g0/Mcompar_frame_count[31]_GND_6_o_LessThan_15_o_cy<3>
    SLICE_X22Y32.BMUX    Tcinb                 0.268   g0/Mmux_RArrows[9][10]_rand[1]_mux_86_OUT10011
                                                       g0/Mmux_RArrows[9][10]_rand[1]_mux_86_OUT100111_cy
    SLICE_X30Y52.A6      net (fanout=482)      2.082   g0/frame_count[31]_GND_6_o_LessThan_15_o
    SLICE_X30Y52.A       Tilo                  0.203   N193
                                                       g0/Mmux_RArrows[9][10]_rand[1]_mux_86_OUT661
    SLICE_X29Y53.D3      net (fanout=5)        0.895   g0/Madd_RArrows[9][10]_GND_6_o_add_97_OUT_lut<5>
    SLICE_X29Y53.D       Tilo                  0.259   N104
                                                       g0/GND_6_o_GND_6_o_not_equal_96_o1_SW0
    SLICE_X30Y57.A6      net (fanout=2)        0.752   N104
    SLICE_X30Y57.A       Tilo                  0.203   g0/RArrows_0<9>
                                                       g0/GND_6_o_GND_6_o_not_equal_96_o3
    SLICE_X29Y55.D4      net (fanout=12)       0.886   g0/GND_6_o_GND_6_o_not_equal_96_o
    SLICE_X29Y55.D       Tilo                  0.259   N36
                                                       g0/BtnR_GND_6_o_AND_79_o4_SW0
    SLICE_X28Y55.D1      net (fanout=12)       0.863   N36
    SLICE_X28Y55.D       Tilo                  0.205   g0/RArrows_0<2>
                                                       g0/Mmux_RArrows[9][10]_RArrows[9][10]_mux_335_OUT331
    SLICE_X28Y57.C2      net (fanout=8)        0.644   g0/Msub_GND_6_o_GND_6_o_sub_372_OUT_lut<2>
    SLICE_X28Y57.C       Tilo                  0.205   g0/n2311<10>
                                                       g0/Madd_n2311_cy<5>11
    SLICE_X26Y50.A6      net (fanout=6)        0.930   g0/Madd_n2311_cy<5>
    SLICE_X26Y50.A       Tilo                  0.203   N4214
                                                       g0/Madd_n2311_xor<7>11
    SLICE_X28Y52.D3      net (fanout=1)        0.647   g0/n2311<7>
    SLICE_X28Y52.COUT    Topcyd                0.281   g0/Mcompar_GND_6_o_BUS_0089_LessThan_375_o_cy<3>
                                                       g0/Mcompar_GND_6_o_BUS_0089_LessThan_375_o_lutdi3
                                                       g0/Mcompar_GND_6_o_BUS_0089_LessThan_375_o_cy<3>
    SLICE_X28Y53.CIN     net (fanout=1)        0.003   g0/Mcompar_GND_6_o_BUS_0089_LessThan_375_o_cy<3>
    SLICE_X28Y53.BMUX    Tcinb                 0.222   g0/GND_6_o_GND_6_o_sub_372_OUT<4>
                                                       g0/Mcompar_GND_6_o_BUS_0089_LessThan_375_o_cy<5>
    SLICE_X21Y36.B6      net (fanout=4)        1.458   g0/GND_6_o_BUS_0089_LessThan_375_o
    SLICE_X21Y36.B       Tilo                  0.259   N1501
                                                       g0/GND_6_o_GND_6_o_AND_168_o1
    SLICE_X20Y28.D5      net (fanout=5)        0.841   g0/GND_6_o_GND_6_o_AND_168_o
    SLICE_X20Y28.CMUX    Topdc                 0.338   g0/Mmux_GND_6_o_GND_6_o_mux_667_OUT41112
                                                       g0/Mmux_GND_6_o_GND_6_o_mux_667_OUT78_SW2_F
                                                       g0/Mmux_GND_6_o_GND_6_o_mux_667_OUT78_SW2
    SLICE_X18Y26.C2      net (fanout=1)        0.822   N3683
    SLICE_X18Y26.C       Tilo                  0.204   N224
                                                       g0/Mmux_GND_6_o_GND_6_o_mux_667_OUT710
    SLICE_X17Y27.D6      net (fanout=1)        0.730   g0/Mmux_GND_6_o_GND_6_o_mux_667_OUT79
    SLICE_X17Y27.CLK     Tas                   0.322   g0/rgb_now<6>
                                                       g0/Mmux_GND_6_o_GND_6_o_mux_667_OUT713
                                                       g0/rgb_now_6
    -------------------------------------------------  ---------------------------
    Total                                     18.120ns (4.833ns logic, 13.287ns route)
                                                       (26.7% logic, 73.3% route)

--------------------------------------------------------------------------------

Paths for end point g0/rgb_now_3 (SLICE_X17Y31.A1), 17200363 paths
--------------------------------------------------------------------------------
Slack (setup path):     -8.109ns (requirement - (data path - clock path skew + uncertainty))
  Source:               g0/frame_count_4 (FF)
  Destination:          g0/rgb_now_3 (FF)
  Requirement:          10.000ns
  Data Path Delay:      18.064ns (Levels of Logic = 14)
  Clock Path Skew:      -0.010ns (0.423 - 0.433)
  Source Clock:         clk_BUFGP rising at 0.000ns
  Destination Clock:    clk_BUFGP rising at 10.000ns
  Clock Uncertainty:    0.035ns

  Clock Uncertainty:          0.035ns  ((TSJ^2 + TIJ^2)^1/2 + DJ) / 2 + PE
    Total System Jitter (TSJ):  0.070ns
    Total Input Jitter (TIJ):   0.000ns
    Discrete Jitter (DJ):       0.000ns
    Phase Error (PE):           0.000ns

  Maximum Data Path at Slow Process Corner: g0/frame_count_4 to g0/rgb_now_3
    Location             Delay type         Delay(ns)  Physical Resource
                                                       Logical Resource(s)
    -------------------------------------------------  -------------------
    SLICE_X19Y39.AQ      Tcko                  0.391   g0/frame_count<6>
                                                       g0/frame_count_4
    SLICE_X20Y34.A5      net (fanout=2)        0.773   g0/frame_count<4>
    SLICE_X20Y34.COUT    Topcya                0.395   g0/Madd_frame_count[31]_GND_6_o_add_13_OUT_cy<7>
                                                       g0/Mmux_n25192711
                                                       g0/Madd_frame_count[31]_GND_6_o_add_13_OUT_cy<7>
    SLICE_X20Y35.CIN     net (fanout=1)        0.003   g0/Madd_frame_count[31]_GND_6_o_add_13_OUT_cy<7>
    SLICE_X20Y35.BMUX    Tcinb                 0.260   g0/frame_count<7>
                                                       g0/Madd_frame_count[31]_GND_6_o_add_13_OUT_xor<9>
    SLICE_X22Y31.B5      net (fanout=1)        0.850   g0/frame_count[31]_GND_6_o_add_13_OUT<9>
    SLICE_X22Y31.COUT    Topcyb                0.380   g0/Mcompar_frame_count[31]_GND_6_o_LessThan_15_o_cy<3>
                                                       g0/Mcompar_frame_count[31]_GND_6_o_LessThan_15_o_lut<1>1
                                                       g0/Mcompar_frame_count[31]_GND_6_o_LessThan_15_o_cy<3>
    SLICE_X22Y32.CIN     net (fanout=1)        0.108   g0/Mcompar_frame_count[31]_GND_6_o_LessThan_15_o_cy<3>
    SLICE_X22Y32.BMUX    Tcinb                 0.268   g0/Mmux_RArrows[9][10]_rand[1]_mux_86_OUT10011
                                                       g0/Mmux_RArrows[9][10]_rand[1]_mux_86_OUT100111_cy
    SLICE_X3Y5.C6        net (fanout=482)      3.005   g0/frame_count[31]_GND_6_o_LessThan_15_o
    SLICE_X3Y5.C         Tilo                  0.259   g0/LArrows[9][10]_LArrows[9][10]_MUX_907_o
                                                       g0/Mmux_LArrows[9][10]_rand[1]_mux_84_OUT901
    SLICE_X5Y8.D5        net (fanout=11)       1.003   g0/Madd_LArrows[9][10]_GND_6_o_add_267_OUT_lut<4>
    SLICE_X5Y8.D         Tilo                  0.259   g0/LArrows[9][10]_LArrows[9][10]_MUX_905_o
                                                       g0/Mmux_LArrows[9][10]_LArrows[9][10]_MUX_902_o131
    SLICE_X0Y7.D6        net (fanout=3)        0.851   g0/LArrows[9][10]_LArrows[9][10]_MUX_905_o
    SLICE_X0Y7.CMUX      Topdc                 0.338   N3370
                                                       g0/BtnL_GND_6_o_AND_133_o4_SW14_F
                                                       g0/BtnL_GND_6_o_AND_133_o4_SW14
    SLICE_X3Y9.B6        net (fanout=1)        0.754   N3150
    SLICE_X3Y9.B         Tilo                  0.259   g0/LArrows_0<86>
                                                       g0/Mmux_LArrows[9][10]_LArrows[9][10]_mux_333_OUT931
    SLICE_X3Y12.A1       net (fanout=11)       1.503   g0/Madd_n2467_lut<7>
    SLICE_X3Y12.A        Tilo                  0.259   g0/n2467<2>
                                                       g0/Madd_n2467_xor<8>11
    SLICE_X2Y12.A3       net (fanout=1)        0.639   g0/n2467<8>
    SLICE_X2Y12.BMUX     Topab                 0.497   g0/GND_6_o_BUS_0116_LessThan_591_o
                                                       g0/Mcompar_GND_6_o_BUS_0116_LessThan_591_o_lut<4>
                                                       g0/Mcompar_GND_6_o_BUS_0116_LessThan_591_o_cy<5>
    SLICE_X11Y26.D6      net (fanout=2)        1.571   g0/GND_6_o_BUS_0116_LessThan_591_o
    SLICE_X11Y26.D       Tilo                  0.259   g0/GND_6_o_GND_6_o_AND_276_o
                                                       g0/GND_6_o_GND_6_o_AND_276_o3
    SLICE_X14Y32.B6      net (fanout=7)        0.946   g0/GND_6_o_GND_6_o_AND_276_o
    SLICE_X14Y32.B       Tilo                  0.203   g0/Mmux_GND_6_o_GND_6_o_mux_667_OUT42
                                                       g0/Mmux_GND_6_o_GND_6_o_mux_667_OUT43
    SLICE_X14Y32.D1      net (fanout=1)        0.482   g0/Mmux_GND_6_o_GND_6_o_mux_667_OUT42
    SLICE_X14Y32.CMUX    Topdc                 0.368   g0/Mmux_GND_6_o_GND_6_o_mux_667_OUT42
                                                       g0/Mmux_GND_6_o_GND_6_o_mux_667_OUT411_SW1_F
                                                       g0/Mmux_GND_6_o_GND_6_o_mux_667_OUT411_SW1
    SLICE_X17Y31.A1      net (fanout=1)        0.859   N3126
    SLICE_X17Y31.CLK     Tas                   0.322   g0/rgb_now<3>
                                                       g0/Mmux_GND_6_o_GND_6_o_mux_667_OUT412
                                                       g0/rgb_now_3
    -------------------------------------------------  ---------------------------
    Total                                     18.064ns (4.717ns logic, 13.347ns route)
                                                       (26.1% logic, 73.9% route)

--------------------------------------------------------------------------------
Slack (setup path):     -8.099ns (requirement - (data path - clock path skew + uncertainty))
  Source:               g0/frame_count_4 (FF)
  Destination:          g0/rgb_now_3 (FF)
  Requirement:          10.000ns
  Data Path Delay:      18.054ns (Levels of Logic = 14)
  Clock Path Skew:      -0.010ns (0.423 - 0.433)
  Source Clock:         clk_BUFGP rising at 0.000ns
  Destination Clock:    clk_BUFGP rising at 10.000ns
  Clock Uncertainty:    0.035ns

  Clock Uncertainty:          0.035ns  ((TSJ^2 + TIJ^2)^1/2 + DJ) / 2 + PE
    Total System Jitter (TSJ):  0.070ns
    Total Input Jitter (TIJ):   0.000ns
    Discrete Jitter (DJ):       0.000ns
    Phase Error (PE):           0.000ns

  Maximum Data Path at Slow Process Corner: g0/frame_count_4 to g0/rgb_now_3
    Location             Delay type         Delay(ns)  Physical Resource
                                                       Logical Resource(s)
    -------------------------------------------------  -------------------
    SLICE_X19Y39.AQ      Tcko                  0.391   g0/frame_count<6>
                                                       g0/frame_count_4
    SLICE_X20Y34.A5      net (fanout=2)        0.773   g0/frame_count<4>
    SLICE_X20Y34.COUT    Topcya                0.395   g0/Madd_frame_count[31]_GND_6_o_add_13_OUT_cy<7>
                                                       g0/Mmux_n25192711
                                                       g0/Madd_frame_count[31]_GND_6_o_add_13_OUT_cy<7>
    SLICE_X20Y35.CIN     net (fanout=1)        0.003   g0/Madd_frame_count[31]_GND_6_o_add_13_OUT_cy<7>
    SLICE_X20Y35.BMUX    Tcinb                 0.260   g0/frame_count<7>
                                                       g0/Madd_frame_count[31]_GND_6_o_add_13_OUT_xor<9>
    SLICE_X22Y31.B5      net (fanout=1)        0.850   g0/frame_count[31]_GND_6_o_add_13_OUT<9>
    SLICE_X22Y31.COUT    Topcyb                0.380   g0/Mcompar_frame_count[31]_GND_6_o_LessThan_15_o_cy<3>
                                                       g0/Mcompar_frame_count[31]_GND_6_o_LessThan_15_o_lut<1>1
                                                       g0/Mcompar_frame_count[31]_GND_6_o_LessThan_15_o_cy<3>
    SLICE_X22Y32.CIN     net (fanout=1)        0.108   g0/Mcompar_frame_count[31]_GND_6_o_LessThan_15_o_cy<3>
    SLICE_X22Y32.BMUX    Tcinb                 0.268   g0/Mmux_RArrows[9][10]_rand[1]_mux_86_OUT10011
                                                       g0/Mmux_RArrows[9][10]_rand[1]_mux_86_OUT100111_cy
    SLICE_X3Y5.C6        net (fanout=482)      3.005   g0/frame_count[31]_GND_6_o_LessThan_15_o
    SLICE_X3Y5.C         Tilo                  0.259   g0/LArrows[9][10]_LArrows[9][10]_MUX_907_o
                                                       g0/Mmux_LArrows[9][10]_rand[1]_mux_84_OUT901
    SLICE_X5Y8.D5        net (fanout=11)       1.003   g0/Madd_LArrows[9][10]_GND_6_o_add_267_OUT_lut<4>
    SLICE_X5Y8.D         Tilo                  0.259   g0/LArrows[9][10]_LArrows[9][10]_MUX_905_o
                                                       g0/Mmux_LArrows[9][10]_LArrows[9][10]_MUX_902_o131
    SLICE_X0Y7.D6        net (fanout=3)        0.851   g0/LArrows[9][10]_LArrows[9][10]_MUX_905_o
    SLICE_X0Y7.CMUX      Topdc                 0.338   N3370
                                                       g0/BtnL_GND_6_o_AND_133_o4_SW14_F
                                                       g0/BtnL_GND_6_o_AND_133_o4_SW14
    SLICE_X3Y9.B6        net (fanout=1)        0.754   N3150
    SLICE_X3Y9.B         Tilo                  0.259   g0/LArrows_0<86>
                                                       g0/Mmux_LArrows[9][10]_LArrows[9][10]_mux_333_OUT931
    SLICE_X3Y12.A1       net (fanout=11)       1.503   g0/Madd_n2467_lut<7>
    SLICE_X3Y12.A        Tilo                  0.259   g0/n2467<2>
                                                       g0/Madd_n2467_xor<8>11
    SLICE_X2Y12.A3       net (fanout=1)        0.639   g0/n2467<8>
    SLICE_X2Y12.BMUX     Topab                 0.487   g0/GND_6_o_BUS_0116_LessThan_591_o
                                                       g0/Mcompar_GND_6_o_BUS_0116_LessThan_591_o_lutdi4
                                                       g0/Mcompar_GND_6_o_BUS_0116_LessThan_591_o_cy<5>
    SLICE_X11Y26.D6      net (fanout=2)        1.571   g0/GND_6_o_BUS_0116_LessThan_591_o
    SLICE_X11Y26.D       Tilo                  0.259   g0/GND_6_o_GND_6_o_AND_276_o
                                                       g0/GND_6_o_GND_6_o_AND_276_o3
    SLICE_X14Y32.B6      net (fanout=7)        0.946   g0/GND_6_o_GND_6_o_AND_276_o
    SLICE_X14Y32.B       Tilo                  0.203   g0/Mmux_GND_6_o_GND_6_o_mux_667_OUT42
                                                       g0/Mmux_GND_6_o_GND_6_o_mux_667_OUT43
    SLICE_X14Y32.D1      net (fanout=1)        0.482   g0/Mmux_GND_6_o_GND_6_o_mux_667_OUT42
    SLICE_X14Y32.CMUX    Topdc                 0.368   g0/Mmux_GND_6_o_GND_6_o_mux_667_OUT42
                                                       g0/Mmux_GND_6_o_GND_6_o_mux_667_OUT411_SW1_F
                                                       g0/Mmux_GND_6_o_GND_6_o_mux_667_OUT411_SW1
    SLICE_X17Y31.A1      net (fanout=1)        0.859   N3126
    SLICE_X17Y31.CLK     Tas                   0.322   g0/rgb_now<3>
                                                       g0/Mmux_GND_6_o_GND_6_o_mux_667_OUT412
                                                       g0/rgb_now_3
    -------------------------------------------------  ---------------------------
    Total                                     18.054ns (4.707ns logic, 13.347ns route)
                                                       (26.1% logic, 73.9% route)

--------------------------------------------------------------------------------
Slack (setup path):     -8.093ns (requirement - (data path - clock path skew + uncertainty))
  Source:               g0/frame_count_1 (FF)
  Destination:          g0/rgb_now_3 (FF)
  Requirement:          10.000ns
  Data Path Delay:      18.043ns (Levels of Logic = 15)
  Clock Path Skew:      -0.015ns (0.423 - 0.438)
  Source Clock:         clk_BUFGP rising at 0.000ns
  Destination Clock:    clk_BUFGP rising at 10.000ns
  Clock Uncertainty:    0.035ns

  Clock Uncertainty:          0.035ns  ((TSJ^2 + TIJ^2)^1/2 + DJ) / 2 + PE
    Total System Jitter (TSJ):  0.070ns
    Total Input Jitter (TIJ):   0.000ns
    Discrete Jitter (DJ):       0.000ns
    Phase Error (PE):           0.000ns

  Maximum Data Path at Slow Process Corner: g0/frame_count_1 to g0/rgb_now_3
    Location             Delay type         Delay(ns)  Physical Resource
                                                       Logical Resource(s)
    -------------------------------------------------  -------------------
    SLICE_X19Y37.BQ      Tcko                  0.391   g0/frame_count<8>
                                                       g0/frame_count_1
    SLICE_X20Y33.B4      net (fanout=2)        0.693   g0/frame_count<1>
    SLICE_X20Y33.COUT    Topcyb                0.375   g0/Madd_frame_count[31]_GND_6_o_add_13_OUT_cy<3>
                                                       g0/Mmux_n25191211
                                                       g0/Madd_frame_count[31]_GND_6_o_add_13_OUT_cy<3>
    SLICE_X20Y34.CIN     net (fanout=1)        0.003   g0/Madd_frame_count[31]_GND_6_o_add_13_OUT_cy<3>
    SLICE_X20Y34.COUT    Tbyp                  0.076   g0/Madd_frame_count[31]_GND_6_o_add_13_OUT_cy<7>
                                                       g0/Madd_frame_count[31]_GND_6_o_add_13_OUT_cy<7>
    SLICE_X20Y35.CIN     net (fanout=1)        0.003   g0/Madd_frame_count[31]_GND_6_o_add_13_OUT_cy<7>
    SLICE_X20Y35.BMUX    Tcinb                 0.260   g0/frame_count<7>
                                                       g0/Madd_frame_count[31]_GND_6_o_add_13_OUT_xor<9>
    SLICE_X22Y31.B5      net (fanout=1)        0.850   g0/frame_count[31]_GND_6_o_add_13_OUT<9>
    SLICE_X22Y31.COUT    Topcyb                0.380   g0/Mcompar_frame_count[31]_GND_6_o_LessThan_15_o_cy<3>
                                                       g0/Mcompar_frame_count[31]_GND_6_o_LessThan_15_o_lut<1>1
                                                       g0/Mcompar_frame_count[31]_GND_6_o_LessThan_15_o_cy<3>
    SLICE_X22Y32.CIN     net (fanout=1)        0.108   g0/Mcompar_frame_count[31]_GND_6_o_LessThan_15_o_cy<3>
    SLICE_X22Y32.BMUX    Tcinb                 0.268   g0/Mmux_RArrows[9][10]_rand[1]_mux_86_OUT10011
                                                       g0/Mmux_RArrows[9][10]_rand[1]_mux_86_OUT100111_cy
    SLICE_X3Y5.C6        net (fanout=482)      3.005   g0/frame_count[31]_GND_6_o_LessThan_15_o
    SLICE_X3Y5.C         Tilo                  0.259   g0/LArrows[9][10]_LArrows[9][10]_MUX_907_o
                                                       g0/Mmux_LArrows[9][10]_rand[1]_mux_84_OUT901
    SLICE_X5Y8.D5        net (fanout=11)       1.003   g0/Madd_LArrows[9][10]_GND_6_o_add_267_OUT_lut<4>
    SLICE_X5Y8.D         Tilo                  0.259   g0/LArrows[9][10]_LArrows[9][10]_MUX_905_o
                                                       g0/Mmux_LArrows[9][10]_LArrows[9][10]_MUX_902_o131
    SLICE_X0Y7.D6        net (fanout=3)        0.851   g0/LArrows[9][10]_LArrows[9][10]_MUX_905_o
    SLICE_X0Y7.CMUX      Topdc                 0.338   N3370
                                                       g0/BtnL_GND_6_o_AND_133_o4_SW14_F
                                                       g0/BtnL_GND_6_o_AND_133_o4_SW14
    SLICE_X3Y9.B6        net (fanout=1)        0.754   N3150
    SLICE_X3Y9.B         Tilo                  0.259   g0/LArrows_0<86>
                                                       g0/Mmux_LArrows[9][10]_LArrows[9][10]_mux_333_OUT931
    SLICE_X3Y12.A1       net (fanout=11)       1.503   g0/Madd_n2467_lut<7>
    SLICE_X3Y12.A        Tilo                  0.259   g0/n2467<2>
                                                       g0/Madd_n2467_xor<8>11
    SLICE_X2Y12.A3       net (fanout=1)        0.639   g0/n2467<8>
    SLICE_X2Y12.BMUX     Topab                 0.497   g0/GND_6_o_BUS_0116_LessThan_591_o
                                                       g0/Mcompar_GND_6_o_BUS_0116_LessThan_591_o_lut<4>
                                                       g0/Mcompar_GND_6_o_BUS_0116_LessThan_591_o_cy<5>
    SLICE_X11Y26.D6      net (fanout=2)        1.571   g0/GND_6_o_BUS_0116_LessThan_591_o
    SLICE_X11Y26.D       Tilo                  0.259   g0/GND_6_o_GND_6_o_AND_276_o
                                                       g0/GND_6_o_GND_6_o_AND_276_o3
    SLICE_X14Y32.B6      net (fanout=7)        0.946   g0/GND_6_o_GND_6_o_AND_276_o
    SLICE_X14Y32.B       Tilo                  0.203   g0/Mmux_GND_6_o_GND_6_o_mux_667_OUT42
                                                       g0/Mmux_GND_6_o_GND_6_o_mux_667_OUT43
    SLICE_X14Y32.D1      net (fanout=1)        0.482   g0/Mmux_GND_6_o_GND_6_o_mux_667_OUT42
    SLICE_X14Y32.CMUX    Topdc                 0.368   g0/Mmux_GND_6_o_GND_6_o_mux_667_OUT42
                                                       g0/Mmux_GND_6_o_GND_6_o_mux_667_OUT411_SW1_F
                                                       g0/Mmux_GND_6_o_GND_6_o_mux_667_OUT411_SW1
    SLICE_X17Y31.A1      net (fanout=1)        0.859   N3126
    SLICE_X17Y31.CLK     Tas                   0.322   g0/rgb_now<3>
                                                       g0/Mmux_GND_6_o_GND_6_o_mux_667_OUT412
                                                       g0/rgb_now_3
    -------------------------------------------------  ---------------------------
    Total                                     18.043ns (4.773ns logic, 13.270ns route)
                                                       (26.5% logic, 73.5% route)

--------------------------------------------------------------------------------

Hold Paths: TS_sys_clk_pin = PERIOD TIMEGRP "sys_clk_pin" 100 MHz HIGH 50%;
--------------------------------------------------------------------------------

Paths for end point vga0/clk0/clk_pixel (SLICE_X18Y34.CE), 1 path
--------------------------------------------------------------------------------
Slack (hold path):      0.305ns (requirement - (clock path skew + uncertainty - data path))
  Source:               vga0/clk0/cnt (FF)
  Destination:          vga0/clk0/clk_pixel (FF)
  Requirement:          0.000ns
  Data Path Delay:      0.304ns (Levels of Logic = 0)
  Clock Path Skew:      -0.001ns (0.077 - 0.078)
  Source Clock:         clk_BUFGP rising at 10.000ns
  Destination Clock:    clk_BUFGP rising at 10.000ns
  Clock Uncertainty:    0.000ns

  Minimum Data Path at Fast Process Corner: vga0/clk0/cnt to vga0/clk0/clk_pixel
    Location             Delay type         Delay(ns)  Physical Resource
                                                       Logical Resource(s)
    -------------------------------------------------  -------------------
    SLICE_X21Y34.AQ      Tcko                  0.198   vga0/clk0/cnt
                                                       vga0/clk0/cnt
    SLICE_X18Y34.CE      net (fanout=2)        0.198   vga0/clk0/cnt
    SLICE_X18Y34.CLK     Tckce       (-Th)     0.092   vga0/clk0/clk_pixel
                                                       vga0/clk0/clk_pixel
    -------------------------------------------------  ---------------------------
    Total                                      0.304ns (0.106ns logic, 0.198ns route)
                                                       (34.9% logic, 65.1% route)

--------------------------------------------------------------------------------

Paths for end point g0/frame_count_7 (SLICE_X20Y35.D6), 1 path
--------------------------------------------------------------------------------
Slack (hold path):      0.412ns (requirement - (clock path skew + uncertainty - data path))
  Source:               g0/frame_count_7 (FF)
  Destination:          g0/frame_count_7 (FF)
  Requirement:          0.000ns
  Data Path Delay:      0.412ns (Levels of Logic = 1)
  Clock Path Skew:      0.000ns
  Source Clock:         clk_BUFGP rising at 10.000ns
  Destination Clock:    clk_BUFGP rising at 10.000ns
  Clock Uncertainty:    0.000ns

  Minimum Data Path at Fast Process Corner: g0/frame_count_7 to g0/frame_count_7
    Location             Delay type         Delay(ns)  Physical Resource
                                                       Logical Resource(s)
    -------------------------------------------------  -------------------
    SLICE_X20Y35.DQ      Tcko                  0.200   g0/frame_count<7>
                                                       g0/frame_count_7
    SLICE_X20Y35.D6      net (fanout=2)        0.022   g0/frame_count<7>
    SLICE_X20Y35.CLK     Tah         (-Th)    -0.190   g0/frame_count<7>
                                                       g0/Mmux_frame_count[31]_frame_count[31]_mux_332_OUT301
                                                       g0/frame_count_7
    -------------------------------------------------  ---------------------------
    Total                                      0.412ns (0.390ns logic, 0.022ns route)
                                                       (94.7% logic, 5.3% route)

--------------------------------------------------------------------------------

Paths for end point g0/randgen/data_3 (SLICE_X28Y28.D6), 1 path
--------------------------------------------------------------------------------
Slack (hold path):      0.412ns (requirement - (clock path skew + uncertainty - data path))
  Source:               g0/randgen/data_3 (FF)
  Destination:          g0/randgen/data_3 (FF)
  Requirement:          0.000ns
  Data Path Delay:      0.412ns (Levels of Logic = 1)
  Clock Path Skew:      0.000ns
  Source Clock:         clk_BUFGP rising at 10.000ns
  Destination Clock:    clk_BUFGP rising at 10.000ns
  Clock Uncertainty:    0.000ns

  Minimum Data Path at Fast Process Corner: g0/randgen/data_3 to g0/randgen/data_3
    Location             Delay type         Delay(ns)  Physical Resource
                                                       Logical Resource(s)
    -------------------------------------------------  -------------------
    SLICE_X28Y28.DQ      Tcko                  0.200   g0/randgen/data<3>
                                                       g0/randgen/data_3
    SLICE_X28Y28.D6      net (fanout=2)        0.022   g0/randgen/data<3>
    SLICE_X28Y28.CLK     Tah         (-Th)    -0.190   g0/randgen/data<3>
                                                       g0/randgen/data_next<3>1
                                                       g0/randgen/data_3
    -------------------------------------------------  ---------------------------
    Total                                      0.412ns (0.390ns logic, 0.022ns route)
                                                       (94.7% logic, 5.3% route)

--------------------------------------------------------------------------------

Component Switching Limit Checks: TS_sys_clk_pin = PERIOD TIMEGRP "sys_clk_pin" 100 MHz HIGH 50%;
--------------------------------------------------------------------------------
Slack: 8.270ns (period - min period limit)
  Period: 10.000ns
  Min period limit: 1.730ns (578.035MHz) (Tbcper_I)
  Physical resource: clk_BUFGP/BUFG/I0
  Logical resource: clk_BUFGP/BUFG/I0
  Location pin: BUFGMUX_X3Y13.I0
  Clock network: clk_BUFGP/IBUFG
--------------------------------------------------------------------------------
Slack: 9.570ns (period - min period limit)
  Period: 10.000ns
  Min period limit: 0.430ns (2325.581MHz) (Tcp)
  Physical resource: b0/m0/cnt<3>/CLK
  Logical resource: b0/m0/cnt_0/CK
  Location pin: SLICE_X28Y42.CLK
  Clock network: clk_BUFGP
--------------------------------------------------------------------------------
Slack: 9.570ns (period - min period limit)
  Period: 10.000ns
  Min period limit: 0.430ns (2325.581MHz) (Tcp)
  Physical resource: b0/m0/cnt<3>/CLK
  Logical resource: b0/m0/cnt_1/CK
  Location pin: SLICE_X28Y42.CLK
  Clock network: clk_BUFGP
--------------------------------------------------------------------------------


1 constraint not met.


Data Sheet report:
-----------------
All values displayed in nanoseconds (ns)

Clock to Setup on destination clock clk
---------------+---------+---------+---------+---------+
               | Src:Rise| Src:Fall| Src:Rise| Src:Fall|
Source Clock   |Dest:Rise|Dest:Rise|Dest:Fall|Dest:Fall|
---------------+---------+---------+---------+---------+
clk            |   18.195|         |         |         |
---------------+---------+---------+---------+---------+


Timing summary:
---------------

Timing errors: 106  Score: 363123  (Setup/Max: 363123, Hold: 0)

Constraints cover 681717644 paths, 0 nets, and 20630 connections

Design statistics:
   Minimum period:  18.195ns{1}   (Maximum frequency:  54.960MHz)


------------------------------------Footnotes-----------------------------------
1)  The minimum period statistic assumes all single cycle delays.

Analysis completed Tue Jun 06 13:47:45 2023 
--------------------------------------------------------------------------------

Trace Settings:
-------------------------
Trace Settings 

Peak Memory Usage: 212 MB



